2026-10-08T07:57:07.1399151Z Current runner version: '2.337.0'
2026-10-08T07:57:07.1423733Z ##[group]Runner Image Provisioner
2026-10-08T07:57:07.1424662Z Hosted Compute Agent
2026-10-08T07:57:07.1425226Z Version: 20261002.596
2026-10-08T07:57:07.1426411Z Commit: c3d12f3313a95f25162a1503be624f3b0617f8c0
2026-10-08T07:57:07.1427137Z Build Date: 2026-10-02T22:28:27Z
2026-10-08T07:57:07.1427807Z Worker ID: {2a249f11-0c31-4873-a85d-fdb0806272d8}
2026-10-08T07:57:07.1428570Z Region: westus3
2026-10-08T07:57:07.1429109Z Cloud: Azure
2026-10-08T07:57:07.1430034Z ##[endgroup]
2026-10-08T07:57:07.1431555Z ##[group]Operating System
2026-10-08T07:57:07.1432146Z Ubuntu
2026-10-08T07:57:07.1432693Z 24.04.5
2026-10-08T07:57:07.1433192Z LTS
2026-10-08T07:57:07.1433705Z ##[endgroup]
2026-10-08T07:57:07.1434270Z ##[group]Runner Image
2026-10-08T07:57:07.1434853Z Image: ubuntu-24.04
2026-10-08T07:57:07.1435616Z Version: 20261004.327.1
2026-10-08T07:57:07.1436821Z Included Software: https://github.com/actions/runner-images/blob/ubuntu24/20261004.327/images/ubuntu/Ubuntu2404-Readme.md
2026-10-08T07:57:07.1438329Z Image Release: https://github.com/actions/runner-images/releases/tag/ubuntu24%2F20261004.327
2026-10-08T07:57:07.1439245Z ##[endgroup]
2026-10-08T07:57:07.1440418Z ##[group]GITHUB_TOKEN Permissions
2026-10-08T07:57:07.1442810Z Contents: read
2026-10-08T07:57:07.1443449Z Metadata: read
2026-10-08T07:57:07.1443990Z Packages: read
2026-10-08T07:57:07.1444538Z ##[endgroup]
2026-10-08T07:57:07.1446737Z Secret source: Actions
2026-10-08T07:57:07.1447643Z Cache mode: write
2026-10-08T07:57:07.1448329Z Prepare workflow directory
2026-10-08T07:57:07.1764098Z Prepare all required actions
2026-10-08T07:57:07.1813561Z Getting action download info
2026-10-08T07:57:07.5088824Z Download action repository 'actions/checkout@v4' (SHA:11d5960a326750d5838078e36cf38b85af677262)
2026-10-08T07:57:07.6276246Z Download action repository 'actions/setup-java@v4' (SHA:cf277c60eb25467037889841efdb72551f06f6c3)
2026-10-08T07:57:08.6375561Z Download action repository 'gradle/actions@v4' (SHA:ed408507eac070d1f99cc633dbcf757c94c7933a)
2026-10-08T07:57:10.7640278Z Download action repository 'actions/upload-artifact@v4' (SHA:ea165f8d65b6e75b540449e92b4886f43607fa02)
2026-10-08T07:57:10.9367619Z Download action repository 'softprops/action-gh-release@v2' (SHA:3bb12739c298aeb8a4eeaf626c5b8d85266b0e65)
2026-10-08T07:57:11.5403941Z Complete job name: Build & Release
2026-10-08T07:57:11.6037970Z ##[group]Run actions/checkout@v4
2026-10-08T07:57:11.6038522Z with:
2026-10-08T07:57:11.6038921Z   repository: Wen-jh/DokaCam
2026-10-08T07:57:11.6041587Z   token: ***
2026-10-08T07:57:11.6041949Z   ssh-strict: true
2026-10-08T07:57:11.6042268Z   ssh-user: git
2026-10-08T07:57:11.6042571Z   persist-credentials: true
2026-10-08T07:57:11.6042975Z   clean: true
2026-10-08T07:57:11.6043302Z   sparse-checkout-cone-mode: true
2026-10-08T07:57:11.6043660Z   fetch-depth: 1
2026-10-08T07:57:11.6043986Z   fetch-tags: false
2026-10-08T07:57:11.6044318Z   show-progress: true
2026-10-08T07:57:11.6044649Z   lfs: false
2026-10-08T07:57:11.6044989Z   submodules: false
2026-10-08T07:57:11.6045614Z   set-safe-directory: true
2026-10-08T07:57:11.6046038Z   allow-unsafe-pr-checkout: false
2026-10-08T07:57:11.6046567Z ##[endgroup]
2026-10-08T07:57:11.7019073Z Syncing repository: Wen-jh/DokaCam
2026-10-08T07:57:11.7021298Z ##[group]Getting Git version info
2026-10-08T07:57:11.7021917Z Working directory is '/home/runner/work/DokaCam/DokaCam'
2026-10-08T07:57:11.7050714Z [command]/usr/bin/git version
2026-10-08T07:57:11.7141833Z git version 2.55.0
2026-10-08T07:57:11.7162549Z ##[endgroup]
2026-10-08T07:57:11.7176515Z Temporarily overriding HOME='/home/runner/work/_temp/f3d08039-aef8-403f-b3b2-e21d1e1a382d' before making global git config changes
2026-10-08T07:57:11.7177859Z Adding repository directory to the temporary git global config as a safe directory
2026-10-08T07:57:11.7182351Z [command]/usr/bin/git config --global --add safe.directory /home/runner/work/DokaCam/DokaCam
2026-10-08T07:57:11.7223607Z Deleting the contents of '/home/runner/work/DokaCam/DokaCam'
2026-10-08T07:57:11.7229775Z ##[group]Initializing the repository
2026-10-08T07:57:11.7235203Z [command]/usr/bin/git init /home/runner/work/DokaCam/DokaCam
2026-10-08T07:57:11.7315834Z hint: Using 'master' as the name for the initial branch. This default branch name
2026-10-08T07:57:11.7317105Z hint: will change to "main" in Git 3.0. To configure the initial branch name
2026-10-08T07:57:11.7318525Z hint: to use in all of your new repositories, which will suppress this warning,
2026-10-08T07:57:11.7319513Z hint: call:
2026-10-08T07:57:11.7320211Z hint:
2026-10-08T07:57:11.7321075Z hint: 	git config --global init.defaultBranch <name>
2026-10-08T07:57:11.7321871Z hint:
2026-10-08T07:57:11.7322749Z hint: Names commonly chosen instead of 'master' are 'main', 'trunk' and
2026-10-08T07:57:11.7323867Z hint: 'development'. The just-created branch can be renamed via this command:
2026-10-08T07:57:11.7324712Z hint:
2026-10-08T07:57:11.7325928Z hint: 	git branch -m <name>
2026-10-08T07:57:11.7326602Z hint:
2026-10-08T07:57:11.7327426Z hint: Disable this message with "git config set advice.defaultBranchName false"
2026-10-08T07:57:11.7328802Z Initialized empty Git repository in /home/runner/work/DokaCam/DokaCam/.git/
2026-10-08T07:57:11.7332094Z [command]/usr/bin/git remote add origin https://github.com/Wen-jh/DokaCam
2026-10-08T07:57:11.7372646Z ##[endgroup]
2026-10-08T07:57:11.7373770Z ##[group]Disabling automatic garbage collection
2026-10-08T07:57:11.7385179Z [command]/usr/bin/git config --local gc.auto 0
2026-10-08T07:57:11.7419090Z ##[endgroup]
2026-10-08T07:57:11.7420038Z ##[group]Setting up auth
2026-10-08T07:57:11.7426578Z [command]/usr/bin/git config --local --name-only --get-regexp core\.sshCommand
2026-10-08T07:57:11.7454635Z [command]/usr/bin/git submodule foreach --recursive sh -c "git config --local --name-only --get-regexp 'core\.sshCommand' && git config --local --unset-all 'core.sshCommand' || :"
2026-10-08T07:57:11.7751490Z [command]/usr/bin/git config --local --name-only --get-regexp http\.https\:\/\/github\.com\/\.extraheader
2026-10-08T07:57:11.7781627Z [command]/usr/bin/git submodule foreach --recursive sh -c "git config --local --name-only --get-regexp 'http\.https\:\/\/github\.com\/\.extraheader' && git config --local --unset-all 'http.https://github.com/.extraheader' || :"
2026-10-08T07:57:11.7975494Z [command]/usr/bin/git config --local --name-only --get-regexp ^includeIf\.gitdir:
2026-10-08T07:57:11.8003282Z [command]/usr/bin/git submodule foreach --recursive git config --local --show-origin --name-only --get-regexp remote.origin.url
2026-10-08T07:57:11.8183182Z [command]/usr/bin/git config --local http.https://github.com/.extraheader AUTHORIZATION: basic ***
2026-10-08T07:57:11.8216347Z ##[endgroup]
2026-10-08T07:57:11.8217285Z ##[group]Fetching the repository
2026-10-08T07:57:11.8226084Z [command]/usr/bin/git -c protocol.version=2 fetch --no-tags --prune --no-recurse-submodules --depth=1 origin +4a19cd6821d9409cddf587200cef02a88f48d042:refs/remotes/origin/main
2026-10-08T07:57:12.3650501Z From https://github.com/Wen-jh/DokaCam
2026-10-08T07:57:12.3651332Z  * [new ref]         4a19cd6821d9409cddf587200cef02a88f48d042 -> origin/main
2026-10-08T07:57:12.3654685Z ##[endgroup]
2026-10-08T07:57:12.3655401Z ##[group]Determining the checkout info
2026-10-08T07:57:12.3657463Z ##[endgroup]
2026-10-08T07:57:12.3663048Z [command]/usr/bin/git sparse-checkout disable
2026-10-08T07:57:12.3710593Z [command]/usr/bin/git config --local --unset-all extensions.worktreeConfig
2026-10-08T07:57:12.3738233Z ##[group]Checking out the ref
2026-10-08T07:57:12.3741605Z [command]/usr/bin/git checkout --progress --force -B main refs/remotes/origin/main
2026-10-08T07:57:12.3825994Z Switched to a new branch 'main'
2026-10-08T07:57:12.3829283Z branch 'main' set up to track 'origin/main'.
2026-10-08T07:57:12.3837858Z ##[endgroup]
2026-10-08T07:57:12.3870104Z [command]/usr/bin/git log -1 --format=%H
2026-10-08T07:57:12.3890887Z 4a19cd6821d9409cddf587200cef02a88f48d042
2026-10-08T07:57:12.4167717Z ##[group]Run actions/setup-java@v4
2026-10-08T07:57:12.4168293Z with:
2026-10-08T07:57:12.4168656Z   distribution: temurin
2026-10-08T07:57:12.4169132Z   java-version: 17
2026-10-08T07:57:12.4169554Z   java-package: jdk
2026-10-08T07:57:12.4170039Z   check-latest: false
2026-10-08T07:57:12.4170449Z   server-id: github
2026-10-08T07:57:12.4170758Z   server-username: GITHUB_ACTOR
2026-10-08T07:57:12.4171146Z   server-password: GITHUB_TOKEN
2026-10-08T07:57:12.4171517Z   overwrite-settings: true
2026-10-08T07:57:12.4172280Z   job-status: success
2026-10-08T07:57:12.4176480Z   token: ***
2026-10-08T07:57:12.4176901Z ##[endgroup]
2026-10-08T07:57:12.5850717Z ##[warning]setup-java v4 is deprecated and will no longer receive updates. Please migrate to actions/setup-java@v5.
2026-10-08T07:57:12.5858073Z ##[group]Installed distributions
2026-10-08T07:57:12.6212577Z Resolved Java 17.0.20+1 from tool-cache
2026-10-08T07:57:12.6213270Z Setting Java 17.0.20+1 as the default
2026-10-08T07:57:12.6222982Z (node:2097) [DEP0040] DeprecationWarning: The `punycode` module is deprecated. Please use a userland alternative instead.
2026-10-08T07:57:12.6224228Z (Use `node --trace-deprecation ...` to show where the warning was created)
2026-10-08T07:57:12.6226555Z Creating toolchains.xml for JDK version 17 from temurin
2026-10-08T07:57:12.6296817Z Writing to /home/runner/.m2/toolchains.xml
2026-10-08T07:57:12.6297279Z 
2026-10-08T07:57:12.6297522Z Java configuration:
2026-10-08T07:57:12.6298126Z   Distribution: temurin
2026-10-08T07:57:12.6298608Z   Version: 17.0.20+1
2026-10-08T07:57:12.6299248Z   Path: /opt/hostedtoolcache/Java_Temurin-Hotspot_jdk/17.0.20-1/x64
2026-10-08T07:57:12.6299773Z 
2026-10-08T07:57:12.6300468Z ##[endgroup]
2026-10-08T07:57:12.6333906Z Creating settings.xml with server-id: github
2026-10-08T07:57:12.6334750Z Writing to /home/runner/.m2/settings.xml
2026-10-08T07:57:12.6723466Z ##[group]Run gradle/actions/setup-gradle@v4
2026-10-08T07:57:12.6723891Z with:
2026-10-08T07:57:12.6724227Z   cache-read-only: false
2026-10-08T07:57:12.6724742Z   cache-disabled: false
2026-10-08T07:57:12.6725206Z   cache-write-only: false
2026-10-08T07:57:12.6725954Z   cache-overwrite-existing: false
2026-10-08T07:57:12.6726493Z   cache-cleanup: on-success
2026-10-08T07:57:12.6727125Z   gradle-home-cache-includes: caches
notifications

2026-10-08T07:57:12.6727751Z   add-job-summary: always
2026-10-08T07:57:12.6728222Z   add-job-summary-as-pr-comment: never
2026-10-08T07:57:12.6728806Z   dependency-graph: disabled
2026-10-08T07:57:12.6729384Z   dependency-graph-report-dir: dependency-graph-reports
2026-10-08T07:57:12.6730051Z   dependency-graph-continue-on-failure: true
2026-10-08T07:57:12.6730664Z   build-scan-publish: false
2026-10-08T07:57:12.6731221Z   validate-wrappers: true
2026-10-08T07:57:12.6731771Z   allow-snapshot-wrappers: false
2026-10-08T07:57:12.6732391Z   gradle-home-cache-strict-match: false
2026-10-08T07:57:12.6733035Z   workflow-job-context: null
2026-10-08T07:57:12.6736660Z   github-token: ***
2026-10-08T07:57:12.6737059Z env:
2026-10-08T07:57:12.6737606Z   JAVA_HOME: /opt/hostedtoolcache/Java_Temurin-Hotspot_jdk/17.0.20-1/x64
2026-10-08T07:57:12.6738207Z   JAVA_HOME_17_X64: /opt/hostedtoolcache/Java_Temurin-Hotspot_jdk/17.0.20-1/x64
2026-10-08T07:57:12.6738726Z ##[endgroup]
2026-10-08T07:57:14.5527584Z Merged default JDK locations into /home/runner/.m2/toolchains.xml
2026-10-08T07:57:14.5528924Z Preparing cache for cleanup.
2026-10-08T07:57:14.5531849Z ##[group]Restore Gradle state from cache
2026-10-08T07:57:14.7797647Z Cache hit for restore-key: gradle-home-v1|Linux-X64|build[620c74083efa5b88ef904c2356f72d31]-9adfd48071d54bf5b9bfc75980acd5bf2764dd4d
2026-10-08T07:57:15.9754626Z Received 2876562 of 2876562 (100.0%), 2.8 MBs/sec
2026-10-08T07:57:15.9756209Z Cache Size: ~3 MB (2876562 B)
2026-10-08T07:57:15.9782672Z [command]/usr/bin/tar -xf /home/runner/work/_temp/cff5a0b4-b5e1-4fb6-99f9-85faec42ae38/cache.tzst -P -C /home/runner/work/DokaCam/DokaCam --use-compress-program unzstd
2026-10-08T07:57:16.0457903Z Cache restored successfully
2026-10-08T07:57:16.0463025Z Restored cache entry with key gradle-home-v1|Linux-X64|build[620c74083efa5b88ef904c2356f72d31]-4a19cd6821d9409cddf587200cef02a88f48d042 to /home/runner/.gradle/caches,/home/runner/.gradle/notifications,/home/runner/.gradle/.setup-gradle in 1492ms
2026-10-08T07:57:16.2601091Z Cache hit for: gradle-instrumented-jars-v1-cda94872870d1a49340e6fcef51a4518
2026-10-08T07:57:16.2697709Z Cache hit for: gradle-groovy-dsl-v1-abd59d727dde2994bda5adac4ea42226
2026-10-08T07:57:16.2726214Z Cache hit for: gradle-dependencies-v1-189a7cf34208220af8eb4535a819aa71
2026-10-08T07:57:16.2754372Z Cache hit for: gradle-generated-gradle-jars-v1-25b2c315cd2e13470e39deb0538ff4bf
2026-10-08T07:57:16.2758687Z Cache hit for: gradle-transforms-v1-6898fa9f736193334cda1289e235f1a9
2026-10-08T07:57:16.2923713Z Cache hit for: gradle-wrapper-zips-v1-757181886b05e0ae9a93551c58d4d054
2026-10-08T07:57:16.2927766Z Cache hit for: gradle-wrapper-zips-v1-c614003d12ab0c472d72f6756dbe25ae
2026-10-08T07:57:16.2983739Z Cache hit for: gradle-kotlin-dsl-v1-e527a6d2b45b3f75e72e90c726036175
2026-10-08T07:57:16.8290968Z Received 190694 of 190694 (100.0%), 0.5 MBs/sec
2026-10-08T07:57:16.8291784Z Cache Size: ~0 MB (190694 B)
2026-10-08T07:57:16.8314175Z Received 121636 of 121636 (100.0%), 0.3 MBs/sec
2026-10-08T07:57:16.8315006Z Cache Size: ~0 MB (121636 B)
2026-10-08T07:57:16.8332296Z [command]/usr/bin/tar -xf /home/runner/work/_temp/a8889b51-3af4-4633-8d86-093a95af8949/cache.tzst -P -C /home/runner/work/DokaCam/DokaCam --use-compress-program unzstd
2026-10-08T07:57:16.8398464Z [command]/usr/bin/tar -xf /home/runner/work/_temp/4cf3e2c5-3c91-451f-885b-6a377c35d27b/cache.tzst -P -C /home/runner/work/DokaCam/DokaCam --use-compress-program unzstd
2026-10-08T07:57:16.8562440Z Cache restored successfully
2026-10-08T07:57:16.8564419Z Cache restored successfully
2026-10-08T07:57:16.8566231Z Restored cache entry with key gradle-instrumented-jars-v1-cda94872870d1a49340e6fcef51a4518 to /home/runner/.gradle/caches/jars-*/*/ in 809ms
2026-10-08T07:57:16.8568455Z Restored cache entry with key gradle-groovy-dsl-v1-abd59d727dde2994bda5adac4ea42226 to /home/runner/.gradle/caches/*/groovy-dsl/*/ in 809ms
2026-10-08T07:57:16.9775190Z Received 177524 of 177524 (100.0%), 0.4 MBs/sec
2026-10-08T07:57:16.9776472Z Cache Size: ~0 MB (177524 B)
2026-10-08T07:57:16.9803716Z [command]/usr/bin/tar -xf /home/runner/work/_temp/073c56df-d9b7-47c4-9ad2-c3017ca3eab5/cache.tzst -P -C /home/runner/work/DokaCam/DokaCam --use-compress-program unzstd
2026-10-08T07:57:17.0196393Z Cache restored successfully
2026-10-08T07:57:17.0198598Z Restored cache entry with key gradle-kotlin-dsl-v1-e527a6d2b45b3f75e72e90c726036175 to /home/runner/.gradle/caches/*/kotlin-dsl/accessors/*/,/home/runner/.gradle/caches/*/kotlin-dsl/scripts/*/ in 972ms
2026-10-08T07:57:17.4910559Z Received 37748736 of 41361635 (91.3%), 36.0 MBs/sec
2026-10-08T07:57:17.4958516Z Received 33554432 of 214696802 (15.6%), 32.0 MBs/sec
2026-10-08T07:57:17.5095613Z Received 8388608 of 343781406 (2.4%), 8.0 MBs/sec
2026-10-08T07:57:17.5189265Z Received 25165824 of 150862648 (16.7%), 24.0 MBs/sec
2026-10-08T07:57:17.5354040Z Received 12582912 of 137373278 (9.2%), 12.0 MBs/sec
2026-10-08T07:57:17.5793739Z Received 41361635 of 41361635 (100.0%), 36.2 MBs/sec
2026-10-08T07:57:17.5796870Z Cache Size: ~39 MB (41361635 B)
2026-10-08T07:57:17.6243730Z [command]/usr/bin/tar -xf /home/runner/work/_temp/86097c86-c954-4b28-aa2b-a5b8036e75f3/cache.tzst -P -C /home/runner/work/DokaCam/DokaCam --use-compress-program unzstd
2026-10-08T07:57:17.9681413Z Cache restored successfully
2026-10-08T07:57:17.9796051Z Restored cache entry with key gradle-generated-gradle-jars-v1-25b2c315cd2e13470e39deb0538ff4bf to /home/runner/.gradle/caches/8.14.5/generated-gradle-jars/gradle-api-8.14.5.jar in 1933ms
2026-10-08T07:57:18.5047096Z Received 150994944 of 214696802 (70.3%), 71.8 MBs/sec
2026-10-08T07:57:18.5113247Z Received 117440512 of 343781406 (34.2%), 56.0 MBs/sec
2026-10-08T07:57:18.5190324Z Received 134217728 of 150862648 (89.0%), 64.0 MBs/sec
2026-10-08T07:57:18.5348033Z Received 96468992 of 137373278 (70.2%), 46.0 MBs/sec
2026-10-08T07:57:18.6951825Z Received 150862648 of 150862648 (100.0%), 66.1 MBs/sec
2026-10-08T07:57:18.6953141Z Cache Size: ~144 MB (150862648 B)
2026-10-08T07:57:18.7072044Z [command]/usr/bin/tar -xf /home/runner/work/_temp/f0cea425-eb99-48c8-8390-06f0d3e75924/cache.tzst -P -C /home/runner/work/DokaCam/DokaCam --use-compress-program unzstd
2026-10-08T07:57:18.9437444Z Cache restored successfully
2026-10-08T07:57:18.9711887Z Received 214696802 of 214696802 (100.0%), 82.8 MBs/sec
2026-10-08T07:57:18.9712957Z Cache Size: ~205 MB (214696802 B)
2026-10-08T07:57:18.9717810Z Restored cache entry with key gradle-wrapper-zips-v1-c614003d12ab0c472d72f6756dbe25ae to /home/runner/.gradle/wrapper/dists/gradle-9.8.1-bin/a2l6ltp3k1vth6lwipzm5p2jp in 2924ms
2026-10-08T07:57:18.9801948Z [command]/usr/bin/tar -xf /home/runner/work/_temp/a9fb5544-f410-4d92-9fb3-e97bb1cb1a9f/cache.tzst -P -C /home/runner/work/DokaCam/DokaCam --use-compress-program unzstd
2026-10-08T07:57:19.0297052Z Received 137373278 of 137373278 (100.0%), 52.5 MBs/sec
2026-10-08T07:57:19.0298531Z Cache Size: ~131 MB (137373278 B)
2026-10-08T07:57:19.0630970Z [command]/usr/bin/tar -xf /home/runner/work/_temp/5ebcc470-7e7a-4d82-a257-0833dcd274d0/cache.tzst -P -C /home/runner/work/DokaCam/DokaCam --use-compress-program unzstd
2026-10-08T07:57:19.2785592Z Cache restored successfully
2026-10-08T07:57:19.2884908Z Restored cache entry with key gradle-wrapper-zips-v1-757181886b05e0ae9a93551c58d4d054 to /home/runner/.gradle/wrapper/dists/gradle-8.14.5-bin/690y85m0j9nfaub7xoiayko8a in 3241ms
2026-10-08T07:57:19.5110474Z Received 243269632 of 343781406 (70.8%), 77.3 MBs/sec
2026-10-08T07:57:20.2594454Z Received 343781406 of 343781406 (100.0%), 87.5 MBs/sec
2026-10-08T07:57:20.2598613Z Cache Size: ~328 MB (343781406 B)
2026-10-08T07:57:20.2827917Z [command]/usr/bin/tar -xf /home/runner/work/_temp/592fc5b8-3417-43da-89e2-abd09d3f6306/cache.tzst -P -C /home/runner/work/DokaCam/DokaCam --use-compress-program unzstd
2026-10-08T07:57:20.5843128Z Cache restored successfully
2026-10-08T07:57:20.6817252Z Restored cache entry with key gradle-transforms-v1-6898fa9f736193334cda1289e235f1a9 to /home/runner/.gradle/caches/transforms-4/*/,/home/runner/.gradle/caches/*/transforms/*/ in 4633ms
2026-10-08T07:57:20.7863923Z Cache restored successfully
2026-10-08T07:57:20.8400590Z Restored cache entry with key gradle-dependencies-v1-189a7cf34208220af8eb4535a819aa71 to /home/runner/.gradle/caches/modules-*/files-*/*/*/*/* in 4792ms
2026-10-08T07:57:20.8492236Z ##[endgroup]
2026-10-08T07:57:20.8585678Z ##[group]All Gradle Wrapper jars are valid
2026-10-08T07:57:20.8586900Z ✓ Found known Gradle Wrapper JAR files:
2026-10-08T07:57:20.8587662Z   7d3a4ac4de1c32b59bc6a4eb8ecb8e612ccd0cf1ae1e99f66902da64df296172 gradle/wrapper/gradle-wrapper.jar
2026-10-08T07:57:20.8588628Z ##[endgroup]
2026-10-08T07:57:20.8935743Z ##[group]Run chmod +x gradlew
2026-10-08T07:57:20.8936341Z [36;1mchmod +x gradlew[0m
2026-10-08T07:57:20.9103023Z shell: /usr/bin/bash -e {0}
2026-10-08T07:57:20.9103696Z env:
2026-10-08T07:57:20.9104395Z   JAVA_HOME: /opt/hostedtoolcache/Java_Temurin-Hotspot_jdk/17.0.20-1/x64
2026-10-08T07:57:20.9105556Z   JAVA_HOME_17_X64: /opt/hostedtoolcache/Java_Temurin-Hotspot_jdk/17.0.20-1/x64
2026-10-08T07:57:20.9106472Z   GRADLE_ACTION_ID: gradle/actions/setup-gradle
2026-10-08T07:57:20.9107156Z   GRADLE_USER_HOME: /home/runner/.gradle
2026-10-08T07:57:20.9107868Z   GRADLE_BUILD_ACTION_SETUP_COMPLETED: true
2026-10-08T07:57:20.9108536Z   GRADLE_BUILD_ACTION_CACHE_RESTORED: true
2026-10-08T07:57:20.9109329Z   DEVELOCITY_INJECTION_INIT_SCRIPT_NAME: gradle-actions.inject-develocity.init.gradle
2026-10-08T07:57:20.9109973Z   DEVELOCITY_INJECTION_CUSTOM_VALUE: gradle-actions
2026-10-08T07:57:20.9110484Z   GITHUB_DEPENDENCY_GRAPH_ENABLED: false
2026-10-08T07:57:20.9111015Z ##[endgroup]
2026-10-08T07:57:20.9399374Z ##[group]Run ./gradlew :app:assembleDebug --stacktrace
2026-10-08T07:57:20.9400005Z [36;1m./gradlew :app:assembleDebug --stacktrace[0m
2026-10-08T07:57:20.9439102Z shell: /usr/bin/bash -e {0}
2026-10-08T07:57:20.9439619Z env:
2026-10-08T07:57:20.9440179Z   JAVA_HOME: /opt/hostedtoolcache/Java_Temurin-Hotspot_jdk/17.0.20-1/x64
2026-10-08T07:57:20.9440958Z   JAVA_HOME_17_X64: /opt/hostedtoolcache/Java_Temurin-Hotspot_jdk/17.0.20-1/x64
2026-10-08T07:57:20.9441566Z   GRADLE_ACTION_ID: gradle/actions/setup-gradle
2026-10-08T07:57:20.9442139Z   GRADLE_USER_HOME: /home/runner/.gradle
2026-10-08T07:57:20.9442649Z   GRADLE_BUILD_ACTION_SETUP_COMPLETED: true
2026-10-08T07:57:20.9443154Z   GRADLE_BUILD_ACTION_CACHE_RESTORED: true
2026-10-08T07:57:20.9443823Z   DEVELOCITY_INJECTION_INIT_SCRIPT_NAME: gradle-actions.inject-develocity.init.gradle
2026-10-08T07:57:20.9444512Z   DEVELOCITY_INJECTION_CUSTOM_VALUE: gradle-actions
2026-10-08T07:57:20.9445136Z   GITHUB_DEPENDENCY_GRAPH_ENABLED: false
2026-10-08T07:57:20.9445880Z ##[endgroup]
2026-10-08T07:57:23.0347688Z Starting a Gradle Daemon (subsequent builds will be faster)
2026-10-08T07:57:26.1336305Z Calculating task graph as no cached configuration is available for tasks: :app:assembleDebug
2026-10-08T07:57:47.0397089Z > Task :app:generateDebugAssets UP-TO-DATE
2026-10-08T07:57:47.0426699Z > Task :app:preBuild UP-TO-DATE
2026-10-08T07:57:47.0456469Z > Task :app:preDebugBuild UP-TO-DATE
2026-10-08T07:57:47.0457381Z > Task :app:mergeDebugNativeDebugMetadata NO-SOURCE
2026-10-08T07:57:47.1356904Z > Task :app:javaPreCompileDebug
2026-10-08T07:57:47.1386512Z > Task :app:generateDebugResources
2026-10-08T07:57:47.1387391Z > Task :app:generateDebugBuildConfig
2026-10-08T07:57:47.4343595Z > Task :app:packageDebugResources
2026-10-08T07:57:53.8389776Z > Task :app:processDebugNavigationResources
2026-10-08T07:57:53.9347259Z > Task :app:generateDebugGlobalSynthetics
2026-10-08T07:57:54.0406835Z > Task :app:desugarDebugFileDependencies
2026-10-08T07:57:54.7336103Z > Task :app:parseDebugLocalResources
2026-10-08T07:57:54.7366960Z > Task :app:checkDebugAarMetadata
2026-10-08T07:57:54.7367709Z > Task :app:mapDebugSourceSetPaths
2026-10-08T07:57:55.4334145Z > Task :app:compileDebugNavigationResources
2026-10-08T07:57:55.4355626Z > Task :app:generateDebugRFile
2026-10-08T07:57:55.5346931Z > Task :app:mergeDebugAssets
2026-10-08T07:57:55.5396785Z > Task :app:checkDebugDuplicateClasses
2026-10-08T07:58:25.4346999Z > Task :app:mergeDebugResources
2026-10-08T07:58:25.5342357Z > Task :app:compressDebugAssets
2026-10-08T07:58:25.5406967Z > Task :app:compileDebugKotlin
2026-10-08T07:58:25.5466801Z > Task :app:mergeExtDexDebug
2026-10-08T07:58:43.1354434Z e: file:///home/runner/work/DokaCam/DokaCam/app/src/main/java/com/dokacam/camera/ai/CompositionAnalyzer.kt:112:61 Argument type mismatch: actual type is 'List<Rect>', but 'List<RectF>' was expected.
2026-10-08T07:58:43.1357635Z e: file:///home/runner/work/DokaCam/DokaCam/app/src/main/java/com/dokacam/camera/ai/CompositionAnalyzer.kt:119:61 Argument type mismatch: actual type is 'List<Rect>', but 'List<RectF>' was expected.
2026-10-08T07:58:43.1375835Z 
2026-10-08T07:58:43.1407093Z e: file:///home/runner/work/DokaCam/DokaCam/app/src/main/java/com/dokacam/camera/camera/CameraController.kt:74:39 Unresolved reference 'awaitInstance'.
2026-10-08T07:58:43.1408072Z > Task :app:compileDebugKotlin FAILED
2026-10-08T07:58:43.1409224Z e: file:///home/runner/work/DokaCam/DokaCam/app/src/main/java/com/dokacam/camera/camera/CameraController.kt:194:44 Unresolved reference 'SurfaceOrientedMeteringPointFactory'.
2026-10-08T07:58:43.1467765Z e: file:///home/runner/work/DokaCam/DokaCam/app/src/main/java/com/dokacam/camera/camera/CameraController.kt:199:48 Unresolved reference 'build'.
2026-10-08T07:58:43.1497096Z e: file:///home/runner/work/DokaCam/DokaCam/app/src/main/java/com/dokacam/camera/camera/CaptureProcessor.kt:117:13 'val' cannot be reassigned.
2026-10-08T07:58:43.1527695Z e: file:///home/runner/work/DokaCam/DokaCam/app/src/main/java/com/dokacam/camera/camera/CaptureProcessor.kt:133:17 'val' cannot be reassigned.
2026-10-08T07:58:43.1529774Z e: file:///home/runner/work/DokaCam/DokaCam/app/src/main/java/com/dokacam/camera/gl/EglCore.kt:144:13 Unresolved reference 'GLES30'.
2026-10-08T07:58:43.1555713Z e: file:///home/runner/work/DokaCam/DokaCam/app/src/main/java/com/dokacam/camera/ui/camera/FilterStrip.kt:102:25 Unresolved reference 'label'.
2026-10-08T07:58:43.1586715Z e: file:///home/runner/work/DokaCam/DokaCam/app/src/main/java/com/dokacam/camera/ui/gallery/GalleryScreen.kt:21:34 Unresolved reference 'icons'.
2026-10-08T07:58:43.1598892Z e: file:///home/runner/work/DokaCam/DokaCam/app/src/main/java/com/dokacam/camera/ui/gallery/GalleryScreen.kt:22:34 Unresolved reference 'icons'.
2026-10-08T07:58:43.1606855Z e: file:///home/runner/work/DokaCam/DokaCam/app/src/main/java/com/dokacam/camera/ui/gallery/GalleryScreen.kt:23:34 Unresolved reference 'icons'.
2026-10-08T07:58:43.1612336Z e: file:///home/runner/work/DokaCam/DokaCam/app/src/main/java/com/dokacam/camera/ui/gallery/GalleryScreen.kt:24:34 Unresolved reference 'icons'.
2026-10-08T07:58:43.1614463Z e: file:///home/runner/work/DokaCam/DokaCam/app/src/main/java/com/dokacam/camera/ui/gallery/GalleryScreen.kt:74:22 Unresolved reference 'Icons'.
2026-10-08T07:58:43.1616910Z e: file:///home/runner/work/DokaCam/DokaCam/app/src/main/java/com/dokacam/camera/ui/gallery/GalleryScreen.kt:147:26 Unresolved reference 'Icons'.
2026-10-08T07:58:43.1618959Z e: file:///home/runner/work/DokaCam/DokaCam/app/src/main/java/com/dokacam/camera/ui/gallery/GalleryScreen.kt:152:26 Unresolved reference 'Icons'.
2026-10-08T07:58:43.1620801Z e: file:///home/runner/work/DokaCam/DokaCam/app/src/main/java/com/dokacam/camera/ui/settings/SettingsScreen.kt:16:34 Unresolved reference 'icons'.
2026-10-08T07:58:43.1622660Z e: file:///home/runner/work/DokaCam/DokaCam/app/src/main/java/com/dokacam/camera/ui/settings/SettingsScreen.kt:17:34 Unresolved reference 'icons'.
2026-10-08T07:58:43.1624513Z e: file:///home/runner/work/DokaCam/DokaCam/app/src/main/java/com/dokacam/camera/ui/settings/SettingsScreen.kt:58:22 Unresolved reference 'Icons'.
2026-10-08T07:59:17.4334527Z gradle/actions: Writing build results to /home/runner/work/_temp/.gradle-actions/build-results/__run_2-1791446247144.json
2026-10-08T07:59:17.5349936Z 
2026-10-08T07:59:17.5349964Z 
2026-10-08T07:59:17.5356751Z FAILURE: Build failed with an exception.
2026-10-08T07:59:17.5358125Z [Incubating] Problems report is available at: file:///home/runner/work/DokaCam/DokaCam/build/reports/problems/problems-report.html
2026-10-08T07:59:17.5409290Z 
2026-10-08T07:59:17.5436177Z * What went wrong:
2026-10-08T07:59:17.5436583Z 
2026-10-08T07:59:17.5437658Z Execution failed for task ':app:compileDebugKotlin' (registered by plugin 'com.android.internal.application').
2026-10-08T07:59:17.5439514Z > A failure occurred while executing org.jetbrains.kotlin.compilerRunner.btapi.BuildToolsApiCompilationWork
2026-10-08T07:59:17.5440832Z    > Compilation error. See log for more details
2026-10-08T07:59:17.5441545Z 
2026-10-08T07:59:17.5441897Z * Try:
2026-10-08T07:59:17.5442708Z > Run with --info or --debug option to get more log output.
2026-10-08T07:59:17.5443855Z > Run with --scan to get full insights from a Build Scan (powered by Develocity).
2026-10-08T07:59:17.5445018Z > Get more help at https://help.gradle.org.
2026-10-08T07:59:17.5445771Z 
2026-10-08T07:59:17.5446167Z * Exception is:
2026-10-08T07:59:17.5447612Z org.gradle.api.tasks.TaskExecutionException: Execution failed for task ':app:compileDebugKotlin' (registered by plugin 'com.android.internal.application').
2026-10-08T07:59:17.5449792Z 	at org.gradle.api.internal.tasks.execution.DefaultTaskNodeExecutor.lambda$doExecute$1(DefaultTaskNodeExecutor.java:367)
2026-10-08T07:59:17.5451442Z 	at org.gradle.internal.Try$Failure.ifSuccessfulOrElse(Try.java:288)
2026-10-08T07:59:17.5467101Z Deprecated Gradle features were used in this build, making it incompatible with Gradle 10.
2026-10-08T07:59:17.5473387Z 	at org.gradle.api.internal.tasks.execution.DefaultTaskNodeExecutor.doExecute(DefaultTaskNodeExecutor.java:365)
2026-10-08T07:59:17.5474477Z 
2026-10-08T07:59:17.5475855Z 	at org.gradle.api.internal.tasks.execution.DefaultTaskNodeExecutor.executeTrackingTaskIdentity(DefaultTaskNodeExecutor.java:332)
2026-10-08T07:59:17.5478369Z 	at org.gradle.api.internal.tasks.execution.DefaultTaskNodeExecutor.executeFinalizingProperties(DefaultTaskNodeExecutor.java:318)
2026-10-08T07:59:17.5480584Z 	at org.gradle.api.internal.tasks.execution.DefaultTaskNodeExecutor.executeSkippingWithNoActions(DefaultTaskNodeExecutor.java:289)
2026-10-08T07:59:17.5482673Z 	at org.gradle.api.internal.tasks.execution.DefaultTaskNodeExecutor.executeSkippingOnlyIf(DefaultTaskNodeExecutor.java:272)
2026-10-08T07:59:17.5484764Z 	at org.gradle.api.internal.tasks.execution.DefaultTaskNodeExecutor.executeCatchingFailures(DefaultTaskNodeExecutor.java:228)
2026-10-08T07:59:17.5487054Z 	at org.gradle.api.internal.tasks.execution.DefaultTaskNodeExecutor.executeWithFallbackOperationId(DefaultTaskNodeExecutor.java:197)
2026-10-08T07:59:17.5488963Z 	at org.gradle.api.internal.tasks.execution.DefaultTaskNodeExecutor.executeWithLifecycle(DefaultTaskNodeExecutor.java:171)
2026-10-08T07:59:17.5490514Z 	at org.gradle.api.internal.tasks.execution.DefaultTaskNodeExecutor.access$000(DefaultTaskNodeExecutor.java:67)
2026-10-08T07:59:17.5492316Z 	at org.gradle.api.internal.tasks.execution.DefaultTaskNodeExecutor$1.run(DefaultTaskNodeExecutor.java:136)
2026-10-08T07:59:17.5494041Z 	at org.gradle.internal.operations.DefaultBuildOperationRunner$1.execute(DefaultBuildOperationRunner.java:30)
2026-10-08T07:59:17.5496122Z 	at org.gradle.internal.operations.DefaultBuildOperationRunner$1.execute(DefaultBuildOperationRunner.java:27)
2026-10-08T07:59:17.5497858Z 	at org.gradle.internal.operations.DefaultBuildOperationRunner$2.execute(DefaultBuildOperationRunner.java:67)
2026-10-08T07:59:17.5499631Z 	at org.gradle.internal.operations.DefaultBuildOperationRunner$2.execute(DefaultBuildOperationRunner.java:60)
2026-10-08T07:59:17.5501475Z 	at org.gradle.internal.operations.DefaultBuildOperationRunner.execute(DefaultBuildOperationRunner.java:167)
2026-10-08T07:59:17.5503286Z 	at org.gradle.internal.operations.DefaultBuildOperationRunner.execute(DefaultBuildOperationRunner.java:60)
2026-10-08T07:59:17.5505104Z 	at org.gradle.internal.operations.DefaultBuildOperationRunner.run(DefaultBuildOperationRunner.java:48)
2026-10-08T07:59:17.5507265Z 	at org.gradle.api.internal.tasks.execution.DefaultTaskNodeExecutor.execute(DefaultTaskNodeExecutor.java:133)
2026-10-08T07:59:17.5508812Z 	at org.gradle.execution.plan.LocalTaskNode.execute(LocalTaskNode.java:229)
2026-10-08T07:59:17.5510288Z 	at org.gradle.execution.DefaultBuildWorkExecutor.lambda$executePlan$0(DefaultBuildWorkExecutor.java:153)
2026-10-08T07:59:17.5512000Z 	at org.gradle.execution.plan.DefaultPlanExecutor$ExecutorWorker.lambda$execute$0(DefaultPlanExecutor.java:476)
2026-10-08T07:59:17.5513697Z 	at org.gradle.internal.operations.CurrentBuildOperationRef.with(CurrentBuildOperationRef.java:85)
2026-10-08T07:59:17.5515585Z 	at org.gradle.execution.plan.DefaultPlanExecutor$ExecutorWorker.execute(DefaultPlanExecutor.java:475)
2026-10-08T07:59:17.5517089Z You can use '--warning-mode all' to show the individual deprecation warnings and determine if they come from your own scripts or plugins.
2026-10-08T07:59:17.5518919Z 	at org.gradle.execution.plan.DefaultPlanExecutor$ExecutorWorker.run(DefaultPlanExecutor.java:392)
2026-10-08T07:59:17.5520291Z 	at org.gradle.internal.concurrent.ExecutorPolicy$CatchAndRecordFailures.onExecute(ExecutorPolicy.java:65)
2026-10-08T07:59:17.5521345Z 	at org.gradle.internal.concurrent.AbstractManagedExecutor$1.run(AbstractManagedExecutor.java:47)
2026-10-08T07:59:17.5522990Z Caused by: org.gradle.workers.internal.DefaultWorkerExecutor$WorkExecutionException: A failure occurred while executing org.jetbrains.kotlin.compilerRunner.btapi.BuildToolsApiCompilationWork
2026-10-08T07:59:17.5524483Z 	at org.gradle.workers.internal.DefaultWorkerExecutor$WorkItemExecution.waitForCompletion(DefaultWorkerExecutor.java:273)
2026-10-08T07:59:17.5525918Z 	at org.gradle.internal.work.DefaultAsyncWorkTracker.lambda$waitForItemsAndGatherFailures$2(DefaultAsyncWorkTracker.java:132)
2026-10-08T07:59:17.5527368Z 	at org.gradle.internal.Factories$1.create(Factories.java:30)
2026-10-08T07:59:17.5528738Z 	at org.gradle.internal.work.DefaultWorkerLeaseService.lambda$withoutLocksBlocking$0(DefaultWorkerLeaseService.java:406)
2026-10-08T07:59:17.5530200Z 	at org.gradle.internal.work.ResourceLockStatistics$1.measure(ResourceLockStatistics.java:43)
2026-10-08T07:59:17.5531817Z 	at org.gradle.internal.work.DefaultWorkerLeaseService.withoutLocksBlocking(DefaultWorkerLeaseService.java:401)
2026-10-08T07:59:17.5533374Z 	at org.gradle.internal.work.DefaultWorkerLeaseService.blocking(DefaultWorkerLeaseService.java:261)
2026-10-08T07:59:17.5534823Z 	at org.gradle.internal.work.DefaultWorkerLeaseService.blocking(DefaultWorkerLeaseService.java:243)
2026-10-08T07:59:17.5536725Z 	at org.gradle.internal.work.DefaultAsyncWorkTracker.lambda$waitForItemsAndGatherFailures$1(DefaultAsyncWorkTracker.java:128)
2026-10-08T07:59:17.5538064Z 	at org.gradle.internal.Factories$1.create(Factories.java:30)
2026-10-08T07:59:17.5539556Z 	at org.gradle.internal.resources.AbstractResourceLockRegistry.whileDisallowingLockChanges(AbstractResourceLockRegistry.java:51)
2026-10-08T07:59:17.5541448Z 	at org.gradle.internal.work.DefaultWorkerLeaseService.whileDisallowingProjectLockChanges(DefaultWorkerLeaseService.java:266)
2026-10-08T07:59:17.5543320Z 	at org.gradle.internal.work.DefaultAsyncWorkTracker.waitForItemsAndGatherFailures(DefaultAsyncWorkTracker.java:127)
2026-10-08T07:59:17.5544989Z 	at org.gradle.internal.work.DefaultAsyncWorkTracker.waitForItemsAndGatherFailures(DefaultAsyncWorkTracker.java:93)
2026-10-08T07:59:17.5546969Z 	at org.gradle.internal.work.DefaultAsyncWorkTracker.waitForAll(DefaultAsyncWorkTracker.java:79)
2026-10-08T07:59:17.5548564Z 	at org.gradle.internal.work.DefaultAsyncWorkTracker.waitForCompletion(DefaultAsyncWorkTracker.java:67)
2026-10-08T07:59:17.5549939Z 	at org.gradle.api.internal.tasks.execution.TaskExecution$3.run(TaskExecution.java:276)
2026-10-08T07:59:17.5551424Z 	at org.gradle.internal.operations.DefaultBuildOperationRunner$1.execute(DefaultBuildOperationRunner.java:30)
2026-10-08T07:59:17.5553021Z 	at org.gradle.internal.operations.DefaultBuildOperationRunner$1.execute(DefaultBuildOperationRunner.java:27)
2026-10-08T07:59:17.5554679Z 	at org.gradle.internal.operations.DefaultBuildOperationRunner$2.execute(DefaultBuildOperationRunner.java:67)
2026-10-08T07:59:17.5556278Z 	at org.gradle.internal.operations.DefaultBuildOperationRunner$2.execute(DefaultBuildOperationRunner.java:60)
2026-10-08T07:59:17.5557915Z 	at org.gradle.internal.operations.DefaultBuildOperationRunner.execute(DefaultBuildOperationRunner.java:167)
2026-10-08T07:59:17.5559730Z 	at org.gradle.internal.operations.DefaultBuildOperationRunner.execute(DefaultBuildOperationRunner.java:60)
2026-10-08T07:59:17.5561427Z 	at org.gradle.internal.operations.DefaultBuildOperationRunner.run(DefaultBuildOperationRunner.java:48)
2026-10-08T07:59:17.5562939Z 	at org.gradle.api.internal.tasks.execution.TaskExecution.executeAction(TaskExecution.java:253)
2026-10-08T07:59:17.5564396Z 	at org.gradle.api.internal.tasks.execution.TaskExecution.executeActions(TaskExecution.java:236)
2026-10-08T07:59:17.5566219Z 	at org.gradle.api.internal.tasks.execution.TaskExecution.executeWithPreviousOutputFiles(TaskExecution.java:219)
2026-10-08T07:59:17.5567737Z 	at org.gradle.api.internal.tasks.execution.TaskExecution.execute(TaskExecution.java:185)
2026-10-08T07:59:17.5569110Z 	at org.gradle.internal.execution.steps.ExecuteStep.executeInternal(ExecuteStep.java:167)
2026-10-08T07:59:17.5570398Z 	at org.gradle.internal.execution.steps.ExecuteStep.access$000(ExecuteStep.java:47)
2026-10-08T07:59:17.5571690Z 	at org.gradle.internal.execution.steps.ExecuteStep$1.call(ExecuteStep.java:137)
2026-10-08T07:59:17.5573107Z 	at org.gradle.internal.execution.steps.ExecuteStep$1.call(ExecuteStep.java:134)
2026-10-08T07:59:17.5575360Z 	at org.gradle.internal.operations.DefaultBuildOperationRunner$CallableBuildOperationWorker.execute(DefaultBuildOperationRunner.java:210)
2026-10-08T07:59:17.5577751Z 	at org.gradle.internal.operations.DefaultBuildOperationRunner$CallableBuildOperationWorker.execute(DefaultBuildOperationRunner.java:205)
2026-10-08T07:59:17.5579543Z 	at org.gradle.internal.operations.DefaultBuildOperationRunner$2.execute(DefaultBuildOperationRunner.java:67)
2026-10-08T07:59:17.5581261Z 	at org.gradle.internal.operations.DefaultBuildOperationRunner$2.execute(DefaultBuildOperationRunner.java:60)
2026-10-08T07:59:17.5582814Z 	at org.gradle.internal.operations.DefaultBuildOperationRunner.execute(DefaultBuildOperationRunner.java:167)
2026-10-08T07:59:17.5584491Z 	at org.gradle.internal.operations.DefaultBuildOperationRunner.execute(DefaultBuildOperationRunner.java:60)
2026-10-08T07:59:17.5586121Z 	at org.gradle.internal.operations.DefaultBuildOperationRunner.call(DefaultBuildOperationRunner.java:54)
2026-10-08T07:59:17.5587543Z 	at org.gradle.internal.execution.steps.ExecuteStep.execute(ExecuteStep.java:134)
2026-10-08T07:59:17.5588819Z 	at org.gradle.internal.execution.steps.ExecuteStep$Mutable.execute(ExecuteStep.java:80)
2026-10-08T07:59:17.5590497Z 	at org.gradle.internal.execution.steps.CancelExecutionStep.execute(CancelExecutionStep.java:42)
2026-10-08T07:59:17.5592016Z 	at org.gradle.internal.execution.steps.TimeoutStep.executeWithoutTimeout(TimeoutStep.java:75)
2026-10-08T07:59:17.5593302Z 	at org.gradle.internal.execution.steps.TimeoutStep.execute(TimeoutStep.java:55)
2026-10-08T07:59:17.5594772Z 	at org.gradle.internal.execution.steps.PreCreateOutputParentsStep.execute(PreCreateOutputParentsStep.java:51)
2026-10-08T07:59:17.5596538Z 	at org.gradle.internal.execution.steps.PreCreateOutputParentsStep.execute(PreCreateOutputParentsStep.java:29)
2026-10-08T07:59:17.5598256Z 	at org.gradle.internal.execution.steps.RemovePreviousOutputsStep.executeMutable(RemovePreviousOutputsStep.java:67)
2026-10-08T07:59:17.5600046Z 	at org.gradle.internal.execution.steps.RemovePreviousOutputsStep.executeMutable(RemovePreviousOutputsStep.java:39)
2026-10-08T07:59:17.5601553Z 	at org.gradle.internal.execution.steps.MutableStep.execute(MutableStep.java:26)
2026-10-08T07:59:17.5603071Z 	at org.gradle.internal.execution.steps.BroadcastChangingOutputsStep.execute(BroadcastChangingOutputsStep.java:42)
2026-10-08T07:59:17.5604739Z 	at org.gradle.internal.execution.steps.BroadcastChangingOutputsStep.execute(BroadcastChangingOutputsStep.java:24)
2026-10-08T07:59:17.5606479Z 	at org.gradle.internal.execution.steps.CaptureOutputsAfterExecutionStep.execute(CaptureOutputsAfterExecutionStep.java:69)
2026-10-08T07:59:17.5608289Z 	at org.gradle.internal.execution.steps.CaptureOutputsAfterExecutionStep.execute(CaptureOutputsAfterExecutionStep.java:46)
2026-10-08T07:59:17.5610141Z 	at org.gradle.internal.execution.steps.ResolveInputChangesStep.executeMutable(ResolveInputChangesStep.java:39)
2026-10-08T07:59:17.5611889Z 	at org.gradle.internal.execution.steps.ResolveInputChangesStep.executeMutable(ResolveInputChangesStep.java:28)
2026-10-08T07:59:17.5613340Z 	at org.gradle.internal.execution.steps.MutableStep.execute(MutableStep.java:26)
2026-10-08T07:59:17.5614697Z 	at org.gradle.internal.execution.steps.BuildCacheStep.executeWithoutCache(BuildCacheStep.java:189)
2026-10-08T07:59:17.5621505Z 	at org.gradle.internal.execution.steps.BuildCacheStep.executeAndStoreInCache(BuildCacheStep.java:145)
2026-10-08T07:59:17.5623239Z 	at org.gradle.internal.execution.steps.BuildCacheStep.lambda$executeWithCache$3(BuildCacheStep.java:104)
2026-10-08T07:59:17.5624754Z 	at org.gradle.internal.execution.steps.BuildCacheStep.lambda$executeWithCache$1(BuildCacheStep.java:104)
2026-10-08T07:59:17.5626265Z 	at org.gradle.internal.Try$Success.map(Try.java:170)
2026-10-08T07:59:17.5627420Z 	at org.gradle.internal.execution.steps.BuildCacheStep.executeWithCache(BuildCacheStep.java:88)
2026-10-08T07:59:17.5629232Z 	at org.gradle.internal.execution.steps.BuildCacheStep.lambda$execute$0(BuildCacheStep.java:75)
2026-10-08T07:59:17.5630439Z 	at org.gradle.internal.Either$Left.fold(Either.java:116)
2026-10-08T07:59:17.5631588Z 	at org.gradle.internal.execution.caching.CachingState.fold(CachingState.java:62)
2026-10-08T07:59:17.5632822Z 	at org.gradle.internal.execution.steps.BuildCacheStep.execute(BuildCacheStep.java:74)
2026-10-08T07:59:17.5634138Z 	at org.gradle.internal.execution.steps.BuildCacheStep.execute(BuildCacheStep.java:49)
2026-10-08T07:59:17.5635720Z 	at org.gradle.internal.execution.steps.StoreExecutionStateStep.executeMutable(StoreExecutionStateStep.java:46)
2026-10-08T07:59:17.5637424Z 	at org.gradle.internal.execution.steps.StoreExecutionStateStep.executeMutable(StoreExecutionStateStep.java:35)
2026-10-08T07:59:17.5638814Z 	at org.gradle.internal.execution.steps.MutableStep.execute(MutableStep.java:26)
2026-10-08T07:59:17.5640184Z 	at org.gradle.internal.execution.steps.SkipUpToDateStep.executeBecause(SkipUpToDateStep.java:75)
2026-10-08T07:59:17.5641568Z 	at org.gradle.internal.execution.steps.SkipUpToDateStep.lambda$execute$2(SkipUpToDateStep.java:53)
2026-10-08T07:59:17.5642907Z 	at org.gradle.internal.execution.steps.SkipUpToDateStep.execute(SkipUpToDateStep.java:53)
2026-10-08T07:59:17.5644304Z 	at org.gradle.internal.execution.steps.SkipUpToDateStep.execute(SkipUpToDateStep.java:35)
2026-10-08T07:59:17.5646010Z 	at org.gradle.internal.execution.steps.legacy.MarkSnapshottingInputsFinishedStep.execute(MarkSnapshottingInputsFinishedStep.java:37)
2026-10-08T07:59:17.5648049Z 	at org.gradle.internal.execution.steps.legacy.MarkSnapshottingInputsFinishedStep.execute(MarkSnapshottingInputsFinishedStep.java:27)
2026-10-08T07:59:17.5649914Z 	at org.gradle.internal.execution.steps.ResolveMutableCachingStateStep.executeDelegate(ResolveMutableCachingStateStep.java:70)
2026-10-08T07:59:17.5651848Z 	at org.gradle.internal.execution.steps.ResolveMutableCachingStateStep.executeDelegate(ResolveMutableCachingStateStep.java:32)
2026-10-08T07:59:17.5653634Z 	at org.gradle.internal.execution.steps.AbstractResolveCachingStateStep.execute(AbstractResolveCachingStateStep.java:69)
2026-10-08T07:59:17.5655733Z 	at org.gradle.internal.execution.steps.AbstractResolveCachingStateStep.execute(AbstractResolveCachingStateStep.java:37)
2026-10-08T07:59:17.5657387Z 	at org.gradle.internal.execution.steps.ResolveChangesStep.executeMutable(ResolveChangesStep.java:63)
2026-10-08T07:59:17.5658882Z 	at org.gradle.internal.execution.steps.ResolveChangesStep.executeMutable(ResolveChangesStep.java:34)
2026-10-08T07:59:17.5660281Z 	at org.gradle.internal.execution.steps.MutableStep.execute(MutableStep.java:26)
2026-10-08T07:59:17.5661519Z 	at org.gradle.internal.execution.steps.ValidateStep$Mutable.executeDelegate(ValidateStep.java:79)
2026-10-08T07:59:17.5662947Z 	at org.gradle.internal.execution.steps.ValidateStep$Mutable.executeDelegate(ValidateStep.java:65)
2026-10-08T07:59:17.5664224Z 	at org.gradle.internal.execution.steps.ValidateStep.execute(ValidateStep.java:105)
2026-10-08T07:59:17.5665749Z 	at org.gradle.internal.execution.steps.ValidateStep$Mutable.execute(ValidateStep.java:65)
2026-10-08T07:59:17.5667488Z 	at org.gradle.internal.execution.steps.CaptureMutableStateBeforeExecutionStep.executeMutable(CaptureMutableStateBeforeExecutionStep.java:86)
2026-10-08T07:59:17.5669763Z 	at org.gradle.internal.execution.steps.CaptureMutableStateBeforeExecutionStep.execute(CaptureMutableStateBeforeExecutionStep.java:65)
2026-10-08T07:59:17.5671830Z 	at org.gradle.internal.execution.steps.CaptureMutableStateBeforeExecutionStep.execute(CaptureMutableStateBeforeExecutionStep.java:45)
2026-10-08T07:59:17.5673819Z 	at org.gradle.internal.execution.steps.SkipEmptyMutableWorkStep.executeWithNonEmptySources(SkipEmptyMutableWorkStep.java:210)
2026-10-08T07:59:17.5675704Z 	at org.gradle.internal.execution.steps.SkipEmptyMutableWorkStep.executeMutable(SkipEmptyMutableWorkStep.java:90)
2026-10-08T07:59:17.5677282Z 	at org.gradle.internal.execution.steps.SkipEmptyMutableWorkStep.executeMutable(SkipEmptyMutableWorkStep.java:53)
2026-10-08T07:59:17.5678677Z 	at org.gradle.internal.execution.steps.MutableStep.execute(MutableStep.java:26)
2026-10-08T07:59:17.5680225Z 	at org.gradle.internal.execution.steps.legacy.MarkSnapshottingInputsStartedStep.execute(MarkSnapshottingInputsStartedStep.java:38)
2026-10-08T07:59:17.5682174Z 	at org.gradle.internal.execution.steps.LoadPreviousExecutionStateStep.executeMutable(LoadPreviousExecutionStateStep.java:36)
2026-10-08T07:59:17.5684144Z 	at org.gradle.internal.execution.steps.LoadPreviousExecutionStateStep.executeMutable(LoadPreviousExecutionStateStep.java:23)
2026-10-08T07:59:17.5685901Z 	at org.gradle.internal.execution.steps.MutableStep.execute(MutableStep.java:26)
2026-10-08T07:59:17.5687449Z 	at org.gradle.internal.execution.steps.HandleStaleOutputsStep.executeMutable(HandleStaleOutputsStep.java:77)
2026-10-08T07:59:17.5688996Z 	at org.gradle.internal.execution.steps.HandleStaleOutputsStep.executeMutable(HandleStaleOutputsStep.java:43)
2026-10-08T07:59:17.5690480Z 	at org.gradle.internal.execution.steps.MutableStep.execute(MutableStep.java:26)
2026-10-08T07:59:17.5692381Z 	at org.gradle.internal.execution.steps.AssignMutableWorkspaceStep.lambda$executeMutable$0(AssignMutableWorkspaceStep.java:34)
2026-10-08T07:59:17.5694038Z 	at org.gradle.api.internal.tasks.execution.TaskExecution$4.withWorkspace(TaskExecution.java:314)
2026-10-08T07:59:17.5695753Z 	at org.gradle.internal.execution.steps.AssignMutableWorkspaceStep.executeMutable(AssignMutableWorkspaceStep.java:30)
2026-10-08T07:59:17.5697498Z 	at org.gradle.internal.execution.steps.AssignMutableWorkspaceStep.executeMutable(AssignMutableWorkspaceStep.java:21)
2026-10-08T07:59:17.5698996Z 	at org.gradle.internal.execution.steps.MutableStep.execute(MutableStep.java:26)
2026-10-08T07:59:17.5700311Z 	at org.gradle.internal.execution.steps.ChoosePipelineStep.execute(ChoosePipelineStep.java:40)
2026-10-08T07:59:17.5701701Z 	at org.gradle.internal.execution.steps.ChoosePipelineStep.execute(ChoosePipelineStep.java:23)
2026-10-08T07:59:17.5702821Z 	at org.gradle.internal.execution.steps.ExecuteWorkBuildOperationFiringStep.lambda$execute$2(ExecuteWorkBuildOperationFiringStep.java:67)
2026-10-08T07:59:17.5704214Z 	at org.gradle.internal.execution.steps.ExecuteWorkBuildOperationFiringStep.execute(ExecuteWorkBuildOperationFiringStep.java:67)
2026-10-08T07:59:17.5705927Z 	at org.gradle.internal.execution.steps.ExecuteWorkBuildOperationFiringStep.execute(ExecuteWorkBuildOperationFiringStep.java:39)
2026-10-08T07:59:17.5706997Z 	at org.gradle.internal.execution.steps.IdentityCacheStep.execute(IdentityCacheStep.java:46)
2026-10-08T07:59:17.5707831Z 	at org.gradle.internal.execution.steps.IdentityCacheStep.execute(IdentityCacheStep.java:34)
2026-10-08T07:59:17.5708657Z 	at org.gradle.internal.execution.steps.IdentifyStep.execute(IdentifyStep.java:56)
2026-10-08T07:59:17.5709578Z 	at org.gradle.internal.execution.steps.IdentifyStep.execute(IdentifyStep.java:38)
2026-10-08T07:59:17.5710441Z 	at org.gradle.internal.execution.impl.DefaultExecutionEngine$1.execute(DefaultExecutionEngine.java:68)
2026-10-08T07:59:17.5711420Z 	at org.gradle.api.internal.tasks.execution.DefaultTaskNodeExecutor.doExecute(DefaultTaskNodeExecutor.java:364)
2026-10-08T07:59:17.5712117Z 	... 25 more
2026-10-08T07:59:17.5712804Z Caused by: org.jetbrains.kotlin.gradle.tasks.CompilationErrorException: Compilation error. See log for more details
2026-10-08T07:59:17.5713789Z 	at org.jetbrains.kotlin.gradle.tasks.TasksUtilsKt.throwExceptionIfCompilationFailed(tasksUtils.kt:21)
2026-10-08T07:59:17.5714795Z 	at org.jetbrains.kotlin.compilerRunner.btapi.BuildToolsApiCompilationWork.execute(BuildToolsApiCompilationWork.kt:295)
2026-10-08T07:59:17.5715917Z 	at org.gradle.workers.internal.DefaultWorkerServer.execute(DefaultWorkerServer.java:68)
2026-10-08T07:59:17.5717026Z 	at org.gradle.workers.internal.NoIsolationWorkerFactory$1$1.create(NoIsolationWorkerFactory.java:64)
2026-10-08T07:59:17.5718126Z 	at org.gradle.workers.internal.NoIsolationWorkerFactory$1$1.create(NoIsolationWorkerFactory.java:61)
2026-10-08T07:59:17.5719006Z 	at org.gradle.internal.classloader.ClassLoaderUtils.executeInClassloader(ClassLoaderUtils.java:103)
2026-10-08T07:59:17.5720021Z 	at org.gradle.workers.internal.NoIsolationWorkerFactory$1.lambda$execute$0(NoIsolationWorkerFactory.java:61)
2026-10-08T07:59:17.5720872Z 	at org.gradle.workers.internal.AbstractWorker$1.call(AbstractWorker.java:44)
2026-10-08T07:59:17.5721571Z 	at org.gradle.workers.internal.AbstractWorker$1.call(AbstractWorker.java:41)
2026-10-08T07:59:17.5722521Z 	at org.gradle.internal.operations.DefaultBuildOperationRunner$CallableBuildOperationWorker.execute(DefaultBuildOperationRunner.java:210)
2026-10-08T07:59:17.5723661Z 	at org.gradle.internal.operations.DefaultBuildOperationRunner$CallableBuildOperationWorker.execute(DefaultBuildOperationRunner.java:205)
2026-10-08T07:59:17.5724813Z 	at org.gradle.internal.operations.DefaultBuildOperationRunner$2.execute(DefaultBuildOperationRunner.java:67)
2026-10-08T07:59:17.5725954Z 	at org.gradle.internal.operations.DefaultBuildOperationRunner$2.execute(DefaultBuildOperationRunner.java:60)
2026-10-08T07:59:17.5726903Z 	at org.gradle.internal.operations.DefaultBuildOperationRunner.execute(DefaultBuildOperationRunner.java:167)
2026-10-08T07:59:17.5727905Z 	at org.gradle.internal.operations.DefaultBuildOperationRunner.execute(DefaultBuildOperationRunner.java:60)
2026-10-08T07:59:17.5728836Z 	at org.gradle.internal.operations.DefaultBuildOperationRunner.call(DefaultBuildOperationRunner.java:54)
2026-10-08T07:59:17.5729808Z 	at org.gradle.workers.internal.AbstractWorker.executeWrappedInBuildOperation(AbstractWorker.java:41)
2026-10-08T07:59:17.5730699Z 	at org.gradle.workers.internal.NoIsolationWorkerFactory$1.execute(NoIsolationWorkerFactory.java:58)
2026-10-08T07:59:17.5731601Z 	at org.gradle.workers.internal.DefaultWorkerExecutor.lambda$submitWork$1(DefaultWorkerExecutor.java:169)
2026-10-08T07:59:17.5732738Z 	at org.gradle.internal.work.DefaultConditionalExecutionQueue$ExecutionRunner.runExecution(DefaultConditionalExecutionQueue.java:191)
2026-10-08T07:59:17.5733836Z 	at org.gradle.internal.work.DefaultConditionalExecutionQueue$ExecutionRunner.access$600(DefaultConditionalExecutionQueue.java:112)
2026-10-08T07:59:17.5734933Z 	at org.gradle.internal.work.DefaultConditionalExecutionQueue$ExecutionRunner$1.run(DefaultConditionalExecutionQueue.java:168)
2026-10-08T07:59:17.5735895Z 	at org.gradle.internal.Factories$1.create(Factories.java:30)
2026-10-08T07:59:17.5736782Z 	at org.gradle.internal.work.DefaultWorkerLeaseService.lambda$runAndReleaseLocks$0(DefaultWorkerLeaseService.java:296)
2026-10-08T07:59:17.5737687Z 	at org.gradle.internal.work.ResourceLockStatistics$1.measure(ResourceLockStatistics.java:43)
2026-10-08T07:59:17.5738622Z 	at org.gradle.internal.work.DefaultWorkerLeaseService.runAndReleaseLocks(DefaultWorkerLeaseService.java:294)
2026-10-08T07:59:17.5739577Z 	at org.gradle.internal.work.DefaultWorkerLeaseService.withLocksAcquired(DefaultWorkerLeaseService.java:290)
2026-10-08T07:59:17.5740537Z 	at org.gradle.internal.work.DefaultWorkerLeaseService.withLocks(DefaultWorkerLeaseService.java:282)
2026-10-08T07:59:17.5741444Z 	at org.gradle.internal.work.DefaultWorkerLeaseService.runAsWorkerThread(DefaultWorkerLeaseService.java:132)
2026-10-08T07:59:17.5742376Z 	at org.gradle.internal.work.DefaultWorkerLeaseService.runAsWorkerThread(DefaultWorkerLeaseService.java:138)
2026-10-08T07:59:17.5743432Z 	at org.gradle.internal.work.DefaultConditionalExecutionQueue$ExecutionRunner.runBatch(DefaultConditionalExecutionQueue.java:163)
2026-10-08T07:59:17.5744574Z 	at org.gradle.internal.work.DefaultConditionalExecutionQueue$ExecutionRunner.run(DefaultConditionalExecutionQueue.java:125)
2026-10-08T07:59:17.5745391Z 	... 2 more
2026-10-08T07:59:17.5745604Z 
2026-10-08T07:59:17.5745610Z 
2026-10-08T07:59:17.5745851Z BUILD FAILED in 1m 56s
2026-10-08T07:59:17.5746133Z 
2026-10-08T07:59:17.5746811Z For more on this, please refer to https://docs.gradle.org/9.8.1/userguide/command_line_interface.html#sec:command_line_warnings in the Gradle documentation.
2026-10-08T07:59:17.5747659Z 18 actionable tasks: 18 executed
2026-10-08T07:59:17.5748109Z Configuration cache entry stored.
2026-10-08T07:59:18.0300350Z ##[error]Process completed with exit code 1.
2026-10-08T07:59:18.0550841Z Post job cleanup.
2026-10-08T07:59:18.2900964Z In post-action step
2026-10-08T07:59:18.2913416Z ##[group]Stopping Gradle daemons
2026-10-08T07:59:18.2915483Z Stopping Gradle daemons for /home/runner/.gradle/wrapper/dists/gradle-9.8.1-bin/a2l6ltp3k1vth6lwipzm5p2jp/gradle-9.8.1
2026-10-08T07:59:18.2928679Z [command]/home/runner/.gradle/wrapper/dists/gradle-9.8.1-bin/a2l6ltp3k1vth6lwipzm5p2jp/gradle-9.8.1/bin/gradle --stop
2026-10-08T07:59:18.9539247Z Stopping Daemon(s)
2026-10-08T07:59:18.9539837Z 1 Daemon stopped
2026-10-08T07:59:18.9598979Z ##[endgroup]
2026-10-08T07:59:18.9599979Z Not performing cache-cleanup due to build failure
2026-10-08T07:59:18.9601302Z ##[group]Caching Gradle state
2026-10-08T07:59:18.9764188Z Not saving configuration-cache state, as no encryption key was provided
2026-10-08T07:59:19.5826295Z [command]/usr/bin/tar --posix -cf cache.tzst --exclude cache.tzst -P -C /home/runner/work/DokaCam/DokaCam --files-from manifest.txt --use-compress-program zstdmt
2026-10-08T07:59:19.9850558Z [command]/usr/bin/tar --posix -cf cache.tzst --exclude cache.tzst -P -C /home/runner/work/DokaCam/DokaCam --files-from manifest.txt --use-compress-program zstdmt
2026-10-08T07:59:20.3489032Z Sent 235935 of 235935 (100.0%), 0.5 MBs/sec
2026-10-08T07:59:20.5828880Z Saved cache entry with key gradle-kotlin-dsl-v1-fb8536de61fc7521dbd2d513f2ad556e from /home/runner/.gradle/caches/*/kotlin-dsl/accessors/*/,/home/runner/.gradle/caches/*/kotlin-dsl/scripts/*/ in 1075ms
2026-10-08T07:59:21.0688006Z [command]/usr/bin/tar --posix -cf cache.tzst --exclude cache.tzst -P -C /home/runner/work/DokaCam/DokaCam --files-from manifest.txt --use-compress-program zstdmt
2026-10-08T07:59:22.2906854Z Sent 13363938 of 348908258 (3.8%), 12.7 MBs/sec
2026-10-08T07:59:23.2606930Z Sent 348908258 of 348908258 (100.0%), 168.6 MBs/sec
2026-10-08T07:59:23.5290975Z Saved cache entry with key gradle-dependencies-v1-78b6b1c651c83886280233a13d49f6f4 from /home/runner/.gradle/caches/modules-*/files-*/*/*/*/* in 4087ms
2026-10-08T07:59:25.7186857Z Sent 13974570 of 349518890 (4.0%), 13.3 MBs/sec
2026-10-08T07:59:26.6928293Z Sent 349518890 of 349518890 (100.0%), 168.3 MBs/sec
2026-10-08T07:59:26.9772750Z Saved cache entry with key gradle-transforms-v1-1a39f962d58a0052506bc66de13dba21 from /home/runner/.gradle/caches/transforms-4/*/,/home/runner/.gradle/caches/*/transforms/*/ in 6723ms
2026-10-08T07:59:29.1114810Z [command]/usr/bin/tar --posix -cf cache.tzst --exclude cache.tzst -P -C /home/runner/work/DokaCam/DokaCam --files-from manifest.txt --use-compress-program zstdmt
2026-10-08T07:59:30.4855924Z Sent 45809664 of 47586869 (96.3%), 43.7 MBs/sec
2026-10-08T07:59:30.9897446Z Sent 47586869 of 47586869 (100.0%), 30.2 MBs/sec
2026-10-08T07:59:31.2588394Z Saved cache entry with key gradle-home-v1|Linux-X64|build[620c74083efa5b88ef904c2356f72d31]-4a19cd6821d9409cddf587200cef02a88f48d042 from /home/runner/.gradle/caches,/home/runner/.gradle/notifications,/home/runner/.gradle/.setup-gradle in 2159ms
2026-10-08T07:59:31.2590093Z ##[endgroup]
2026-10-08T07:59:31.2596139Z Generating Job Summary
2026-10-08T07:59:31.2608117Z Completed post-action step
2026-10-08T07:59:31.2794534Z Post job cleanup.
2026-10-08T07:59:31.4139674Z (node:2604) [DEP0040] DeprecationWarning: The `punycode` module is deprecated. Please use a userland alternative instead.
2026-10-08T07:59:31.4140819Z (Use `node --trace-deprecation ...` to show where the warning was created)
2026-10-08T07:59:31.4290694Z Post job cleanup.
2026-10-08T07:59:31.5173193Z [command]/usr/bin/git version
2026-10-08T07:59:31.5218082Z git version 2.55.0
2026-10-08T07:59:31.5259218Z Temporarily overriding HOME='/home/runner/work/_temp/2f5552bf-7a4a-4cf4-b0b9-a085f1deb1c9' before making global git config changes
2026-10-08T07:59:31.5260158Z Adding repository directory to the temporary git global config as a safe directory
2026-10-08T07:59:31.5266134Z [command]/usr/bin/git config --global --add safe.directory /home/runner/work/DokaCam/DokaCam
2026-10-08T07:59:31.5303057Z [command]/usr/bin/git config --local --name-only --get-regexp core\.sshCommand
2026-10-08T07:59:31.5335512Z [command]/usr/bin/git submodule foreach --recursive sh -c "git config --local --name-only --get-regexp 'core\.sshCommand' && git config --local --unset-all 'core.sshCommand' || :"
2026-10-08T07:59:31.5541746Z [command]/usr/bin/git config --local --name-only --get-regexp http\.https\:\/\/github\.com\/\.extraheader
2026-10-08T07:59:31.5565432Z http.https://github.com/.extraheader
2026-10-08T07:59:31.5577166Z [command]/usr/bin/git config --local --unset-all http.https://github.com/.extraheader
2026-10-08T07:59:31.5610748Z [command]/usr/bin/git submodule foreach --recursive sh -c "git config --local --name-only --get-regexp 'http\.https\:\/\/github\.com\/\.extraheader' && git config --local --unset-all 'http.https://github.com/.extraheader' || :"
2026-10-08T07:59:31.5821351Z [command]/usr/bin/git config --local --name-only --get-regexp ^includeIf\.gitdir:
2026-10-08T07:59:31.5862878Z [command]/usr/bin/git submodule foreach --recursive git config --local --show-origin --name-only --get-regexp remote.origin.url
2026-10-08T07:59:31.6212659Z Cleaning up orphan processes
2026-10-08T07:59:31.6450112Z ##[warning]Node.js 20 is deprecated. The following actions target Node.js 20 but are being forced to run on Node.js 24: actions/checkout@v4, actions/setup-java@v4, gradle/actions/setup-gradle@v4. For more information see: https://github.blog/changelog/2025-09-19-deprecation-of-node-20-on-github-actions-runners/
